###############################################################################
#
# IAR ELF Linker V8.22.2.15995/W32 for ARM                12/May/2018  08:46:48
# Copyright 2007-2018 IAR Systems AB.
#
#    Output file  =  
#        C:\Users\Fish\Documents\IAR Embedded
#        Workbench\stm32PID\EWARM\stm32PID\Exe\stm32PID.out
#    Map file     =  
#        C:\Users\Fish\Documents\IAR Embedded
#        Workbench\stm32PID\EWARM\stm32PID\List\stm32PID.map
#    Command line =  
#        -f C:\Users\Fish\AppData\Local\Temp\EWFA01.tmp
#        ("C:\Users\Fish\Documents\IAR Embedded
#        Workbench\stm32PID\EWARM\stm32PID\Obj\cmsis_os.o"
#        "C:\Users\Fish\Documents\IAR Embedded
#        Workbench\stm32PID\EWARM\stm32PID\Obj\croutine.o"
#        "C:\Users\Fish\Documents\IAR Embedded
#        Workbench\stm32PID\EWARM\stm32PID\Obj\event_groups.o"
#        "C:\Users\Fish\Documents\IAR Embedded
#        Workbench\stm32PID\EWARM\stm32PID\Obj\freertos.o"
#        "C:\Users\Fish\Documents\IAR Embedded
#        Workbench\stm32PID\EWARM\stm32PID\Obj\heap_4.o"
#        "C:\Users\Fish\Documents\IAR Embedded
#        Workbench\stm32PID\EWARM\stm32PID\Obj\list.o"
#        "C:\Users\Fish\Documents\IAR Embedded
#        Workbench\stm32PID\EWARM\stm32PID\Obj\main.o"
#        "C:\Users\Fish\Documents\IAR Embedded
#        Workbench\stm32PID\EWARM\stm32PID\Obj\port.o"
#        "C:\Users\Fish\Documents\IAR Embedded
#        Workbench\stm32PID\EWARM\stm32PID\Obj\portasm.o"
#        "C:\Users\Fish\Documents\IAR Embedded
#        Workbench\stm32PID\EWARM\stm32PID\Obj\queue.o"
#        "C:\Users\Fish\Documents\IAR Embedded
#        Workbench\stm32PID\EWARM\stm32PID\Obj\startup_stm32f103xb.o"
#        "C:\Users\Fish\Documents\IAR Embedded
#        Workbench\stm32PID\EWARM\stm32PID\Obj\stm32f1xx_hal.o"
#        "C:\Users\Fish\Documents\IAR Embedded
#        Workbench\stm32PID\EWARM\stm32PID\Obj\stm32f1xx_hal_cortex.o"
#        "C:\Users\Fish\Documents\IAR Embedded
#        Workbench\stm32PID\EWARM\stm32PID\Obj\stm32f1xx_hal_dma.o"
#        "C:\Users\Fish\Documents\IAR Embedded
#        Workbench\stm32PID\EWARM\stm32PID\Obj\stm32f1xx_hal_flash.o"
#        "C:\Users\Fish\Documents\IAR Embedded
#        Workbench\stm32PID\EWARM\stm32PID\Obj\stm32f1xx_hal_flash_ex.o"
#        "C:\Users\Fish\Documents\IAR Embedded
#        Workbench\stm32PID\EWARM\stm32PID\Obj\stm32f1xx_hal_gpio.o"
#        "C:\Users\Fish\Documents\IAR Embedded
#        Workbench\stm32PID\EWARM\stm32PID\Obj\stm32f1xx_hal_gpio_ex.o"
#        "C:\Users\Fish\Documents\IAR Embedded
#        Workbench\stm32PID\EWARM\stm32PID\Obj\stm32f1xx_hal_msp.o"
#        "C:\Users\Fish\Documents\IAR Embedded
#        Workbench\stm32PID\EWARM\stm32PID\Obj\stm32f1xx_hal_pwr.o"
#        "C:\Users\Fish\Documents\IAR Embedded
#        Workbench\stm32PID\EWARM\stm32PID\Obj\stm32f1xx_hal_rcc.o"
#        "C:\Users\Fish\Documents\IAR Embedded
#        Workbench\stm32PID\EWARM\stm32PID\Obj\stm32f1xx_hal_rcc_ex.o"
#        "C:\Users\Fish\Documents\IAR Embedded
#        Workbench\stm32PID\EWARM\stm32PID\Obj\stm32f1xx_hal_tim.o"
#        "C:\Users\Fish\Documents\IAR Embedded
#        Workbench\stm32PID\EWARM\stm32PID\Obj\stm32f1xx_hal_tim_ex.o"
#        "C:\Users\Fish\Documents\IAR Embedded
#        Workbench\stm32PID\EWARM\stm32PID\Obj\stm32f1xx_hal_timebase_TIM.o"
#        "C:\Users\Fish\Documents\IAR Embedded
#        Workbench\stm32PID\EWARM\stm32PID\Obj\stm32f1xx_it.o"
#        "C:\Users\Fish\Documents\IAR Embedded
#        Workbench\stm32PID\EWARM\stm32PID\Obj\system_stm32f1xx.o"
#        "C:\Users\Fish\Documents\IAR Embedded
#        Workbench\stm32PID\EWARM\stm32PID\Obj\tasks.o"
#        "C:\Users\Fish\Documents\IAR Embedded
#        Workbench\stm32PID\EWARM\stm32PID\Obj\timers.o" --redirect
#        _Printf=_PrintfFull --redirect _Scanf=_ScanfFull -o
#        "C:\Users\Fish\Documents\IAR Embedded
#        Workbench\stm32PID\EWARM\stm32PID\Exe\stm32PID.out" --map
#        "C:\Users\Fish\Documents\IAR Embedded
#        Workbench\stm32PID\EWARM\stm32PID\List\stm32PID.map" --config
#        "C:\Users\Fish\Documents\IAR Embedded
#        Workbench\stm32PID\EWARM/stm32f103xb_flash.icf" --semihosting --entry
#        __iar_program_start "C:/Program Files (x86)\IAR Systems\Embedded
#        Workbench 8.0\arm\CMSIS\Lib\IAR\iar_cortexM3l_math.a" --vfe --text_out
#        locale)
#
###############################################################################

*******************************************************************************
*** RUNTIME MODEL ATTRIBUTES
***

CppFlavor       = *
__Heap_Handler  = Basic
__SystemLibrary = DLib
__dlib_version  = 6


*******************************************************************************
*** HEAP SELECTION
***

The basic heap was selected because no calls to memory allocation
functions were found in the application outside of system library
functions, and there are calls to deallocation functions in the
application.


*******************************************************************************
*** PLACEMENT SUMMARY
***

"A0":  place at 0x08000000 { ro section .intvec };
"P1":  place in [from 0x08000000 to 0x0801ffff] { ro };
define block CSTACK with size = 1K, alignment = 8 { };
define block HEAP with size = 512, alignment = 8 { };
"P2":  place in [from 0x20000000 to 0x20004fff] {
          rw, block CSTACK, block HEAP };
initialize by copy { rw };

  Section            Kind        Address    Size  Object
  -------            ----        -------    ----  ------
"A0":                                       0xec
  .intvec            ro code  0x08000000    0xec  startup_stm32f103xb.o [1]
                            - 0x080000ec    0xec

"P1":                                     0x5527
  .text              ro code  0x080000ec   0xf96  xprintffull.o [3]
  .text              ro code  0x08001082    0x7a  lz77_init_single.o [6]
  .text              ro code  0x080010fc    0x74  xlocale_c.o [3]
  .text              ro code  0x08001170    0x16  strchr.o [6]
  .text              ro code  0x08001186    0x1e  xencoding_8859_1.o [3]
  .text              ro code  0x080011a4    0x40  xfail_s.o [3]
  .text              ro code  0x080011e4    0x36  strlen.o [6]
  .rodata            const    0x0800121a     0x2  stm32f1xx_hal_rcc.o [1]
  .text              ro code  0x0800121c    0x58  memchr.o [6]
  .text              ro code  0x08001274     0xa  xmbcurmax.o [3]
  .text              ro code  0x08001280    0xa6  ABImemcpy.o [6]
  .text              ro code  0x08001328   0x22e  I64DivMod.o [6]
  .text              ro code  0x08001558   0x1a2  DblMul.o [5]
  .text              ro code  0x080016fc    0x70  frexp.o [5]
  .text              ro code  0x0800176c    0x2e  DblCmpLe.o [5]
  .text              ro code  0x0800179c    0x2e  DblCmpGe.o [5]
  .text              ro code  0x080017cc   0x13a  ldexp.o [5]
  .text              ro code  0x08001908    0x3a  DblToS32.o [5]
  .text              ro code  0x08001944    0x22  S32ToDbl.o [5]
  .text              ro code  0x08001968    0xe2  DblSub.o [5]
  .text              ro code  0x08001a4c   0x246  DblDiv.o [5]
  .text              ro code  0x08001c94    0x28  DblToU32.o [5]
  .text              ro code  0x08001cbc    0x1a  U32ToDbl.o [5]
  .text              ro code  0x08001cd6     0x6  abort.o [3]
  .text              ro code  0x08001cdc     0x2  I64DivZer.o [6]
  .text              ro code  0x08001ce0   0x168  DblAdd.o [5]
  .text              ro code  0x08001e48    0x14  exit.o [7]
  .text              ro code  0x08001e5c    0x7c  iarttio.o [7]
  .text              ro code  0x08001ed8    0x3c  XShttio.o [3]
  .text              ro code  0x08001f14   0x7a8  tasks.o [1]
  .text              ro code  0x080026bc   0x278  heap_4.o [1]
  .text              ro code  0x08002934    0x9a  list.o [1]
  .text              ro code  0x080029d0   0x1a4  port.o [1]
  CODE               ro code  0x08002b74    0x88  portasm.o [1]
  .text              ro code  0x08002bfc   0x73e  stm32f1xx_hal_rcc.o [1]
  .text              ro code  0x0800333c     0xc  stm32f1xx_hal.o [1]
  .text              ro code  0x08003348    0x94  stm32f1xx_hal_timebase_TIM.o [1]
  .text              ro code  0x080033dc   0x16c  stm32f1xx_hal_cortex.o [1]
  .text              ro code  0x08003548   0x6aa  stm32f1xx_hal_tim.o [1]
  .text              ro code  0x08003bf4   0x138  stm32f1xx_hal_msp.o [1]
  .text              ro code  0x08003d2c     0x2  stm32f1xx_hal_tim.o [1]
  .text              ro code  0x08003d2e     0x2  stm32f1xx_hal_tim.o [1]
  .text              ro code  0x08003d30     0x2  stm32f1xx_hal_tim.o [1]
  .text              ro code  0x08003d34   0x5a8  main.o [1]
  .text              ro code  0x080042dc     0x2  stm32f1xx_hal_tim_ex.o [1]
  .text              ro code  0x080042de     0x2  stm32f1xx_hal_tim.o [1]
  .text              ro code  0x080042e0     0x2  stm32f1xx_hal_tim_ex.o [1]
  .text              ro code  0x080042e4   0x270  stm32f1xx_hal_gpio.o [1]
  .text              ro code  0x08004554    0xd8  FltMul.o [5]
  .text              ro code  0x0800462c    0xe2  FltAdd.o [5]
  .text              ro code  0x0800470e    0x46  arm_pid_init_f32.o [4]
  .text              ro code  0x08004754    0x48  FltToDbl.o [5]
  .text              ro code  0x0800479c    0x28  printf.o [3]
  .text              ro code  0x080047c4    0x28  stm32f1xx_hal.o [1]
  .text              ro code  0x080047ec    0x28  stm32f1xx_hal.o [1]
  .text              ro code  0x08004814    0x7a  cmsis_os.o [1]
  .text              ro code  0x08004890    0x5c  stm32f1xx_hal_tim_ex.o [1]
  .text              ro code  0x080048ec    0x24  S32ToFlt.o [5]
  .text              ro code  0x08004910    0x80  FltSub.o [5]
  .text              ro code  0x08004990    0x24  FltCmpGe.o [5]
  .text              ro code  0x080049b4    0x1c  U32ToFlt.o [5]
  .text              ro code  0x080049d0    0x24  FltCmpLe.o [5]
  .text              ro code  0x080049f4    0x2a  FltToS32.o [5]
  .text              ro code  0x08004a20    0x68  DblToFlt.o [5]
  .text              ro code  0x08004a88    0x18  stm32f1xx_hal.o [1]
  .text              ro code  0x08004aa0    0x66  ABImemset.o [6]
  .text              ro code  0x08004b08   0x140  heap0.o [3]
  .text              ro code  0x08004c48    0x2c  xgetmemchunk.o [3]
  .text              ro code  0x08004c74    0xd8  xfspos.o [3]
  .text              ro code  0x08004d4c    0xac  fflush.o [3]
  .text              ro code  0x08004df8     0xc  xfgpos.o [3]
  .text              ro code  0x08004e04    0x4a  lseek.o [7]
  .text              ro code  0x08004e4e    0x10  write.o [7]
  .text              ro code  0x08004e60    0xcc  XShHandles.o [3]
  .text              ro code  0x08004f2c    0x1e  dwrite.o [7]
  .text              ro code  0x08004f4a    0x20  iarwstd.o [7]
  .text              ro code  0x08004f6a    0x22  iarwrite.o [7]
  .text              ro code  0x08004f8c    0xb4  xfwprep.o [3]
  .text              ro code  0x08005040    0x24  fseek.o [3]
  .text              ro code  0x08005064    0x7e  fclose.o [3]
  .text              ro code  0x080050e4    0x7c  xfofind.o [3]
  .text              ro code  0x08005160     0x4  heaptramp0.o [3]
  .text              ro code  0x08005164    0x18  close.o [7]
  .text              ro code  0x0800517c    0x14  remove.o [7]
  .text              ro code  0x08005190    0x7c  stm32f1xx_it.o [1]
  .text              ro code  0x0800520c    0x68  system_stm32f1xx.o [1]
  .text              ro code  0x08005274    0x54  fputc.o [3]
  .rodata            const    0x080052c8    0x44  main.o [1]
  .text              ro code  0x0800530c    0x40  zero_init3.o [6]
  .text              ro code  0x0800534c    0x3c  xcloseall.o [3]
  .text              ro code  0x08005388    0x28  data_init.o [6]
  .iar.init_table    const    0x080053b0    0x20  - Linker created -
  .text              ro code  0x080053d0    0x1e  cmain.o [6]
  .text              ro code  0x080053ee     0x4  low_level_init.o [3]
  .text              ro code  0x080053f2     0x4  exit.o [3]
  .text              ro code  0x080053f8     0xe  cexit.o [6]
  .text              ro code  0x08005406    0x16  xprout.o [3]
  .text              ro code  0x0800541c     0xc  putchar.o [3]
  .rodata            const    0x08005428    0x14  main.o [1]
  .rodata            const    0x0800543c    0x14  main.o [1]
  .rodata            const    0x08005450    0x10  main.o [1]
  .rodata            const    0x08005460    0x10  stm32f1xx_hal_rcc.o [1]
  .rodata            const    0x08005470    0x10  system_stm32f1xx.o [1]
  .text              ro code  0x08005480    0x10  startup_stm32f103xb.o [1]
  .rodata            const    0x08005490     0xc  main.o [1]
  .rodata            const    0x0800549c     0xc  main.o [1]
  .rodata            const    0x080054a8     0xc  main.o [1]
  .text              ro code  0x080054b4     0xc  cstartup_M.o [6]
  .rodata            const    0x080054c0     0x8  system_stm32f1xx.o [1]
  .rodata            const    0x080054c8     0x8  tasks.o [1]
  .rodata            const    0x080054d0     0x6  xlocale_c.o [3]
  .rodata            const    0x080054d8     0x4  heap_4.o [1]
  .text              ro code  0x080054dc     0x4  startup_stm32f103xb.o [1]
  .text              ro code  0x080054e0     0x4  startup_stm32f103xb.o [1]
  .text              ro code  0x080054e4     0x4  startup_stm32f103xb.o [1]
  .text              ro code  0x080054e8     0x4  startup_stm32f103xb.o [1]
  .text              ro code  0x080054ec     0x4  startup_stm32f103xb.o [1]
  .text              ro code  0x080054f0     0x4  startup_stm32f103xb.o [1]
  .text              ro code  0x080054f4     0x4  startup_stm32f103xb.o [1]
  .text              ro code  0x080054f8     0x4  startup_stm32f103xb.o [1]
  .text              ro code  0x080054fc     0x4  startup_stm32f103xb.o [1]
  .text              ro code  0x08005500     0x4  startup_stm32f103xb.o [1]
  .text              ro code  0x08005504     0x4  startup_stm32f103xb.o [1]
  .text              ro code  0x08005508     0x4  startup_stm32f103xb.o [1]
  .text              ro code  0x0800550c     0x4  startup_stm32f103xb.o [1]
  .text              ro code  0x08005510     0x4  startup_stm32f103xb.o [1]
  .text              ro code  0x08005514     0x4  startup_stm32f103xb.o [1]
  .text              ro code  0x08005518     0x4  startup_stm32f103xb.o [1]
  .text              ro code  0x0800551c     0x4  startup_stm32f103xb.o [1]
  .text              ro code  0x08005520     0x4  startup_stm32f103xb.o [1]
  .text              ro code  0x08005524     0x4  startup_stm32f103xb.o [1]
  .text              ro code  0x08005528     0x4  startup_stm32f103xb.o [1]
  .text              ro code  0x0800552c     0x4  startup_stm32f103xb.o [1]
  .text              ro code  0x08005530     0x4  startup_stm32f103xb.o [1]
  .text              ro code  0x08005534     0x4  startup_stm32f103xb.o [1]
  .text              ro code  0x08005538     0x4  startup_stm32f103xb.o [1]
  .text              ro code  0x0800553c     0x4  startup_stm32f103xb.o [1]
  .text              ro code  0x08005540     0x4  startup_stm32f103xb.o [1]
  .text              ro code  0x08005544     0x4  startup_stm32f103xb.o [1]
  .text              ro code  0x08005548     0x4  startup_stm32f103xb.o [1]
  .text              ro code  0x0800554c     0x4  startup_stm32f103xb.o [1]
  .text              ro code  0x08005550     0x4  startup_stm32f103xb.o [1]
  .text              ro code  0x08005554     0x4  startup_stm32f103xb.o [1]
  .text              ro code  0x08005558     0x4  startup_stm32f103xb.o [1]
  .text              ro code  0x0800555c     0x4  startup_stm32f103xb.o [1]
  .text              ro code  0x08005560     0x4  startup_stm32f103xb.o [1]
  .text              ro code  0x08005564     0x4  startup_stm32f103xb.o [1]
  .text              ro code  0x08005568     0x4  startup_stm32f103xb.o [1]
  .text              ro code  0x0800556c     0x4  startup_stm32f103xb.o [1]
  .text              ro code  0x08005570     0x4  startup_stm32f103xb.o [1]
  .text              ro code  0x08005574     0x4  startup_stm32f103xb.o [1]
  .text              ro code  0x08005578     0x4  startup_stm32f103xb.o [1]
  .text              ro code  0x0800557c     0x4  startup_stm32f103xb.o [1]
  .text              ro code  0x08005580     0x0  cstart_closeall.o [6]
  .rodata            const    0x08005580     0x0  zero_init3.o [6]
  .rodata            const    0x08005580     0x0  lz77_init_single.o [6]
  Initializer bytes  const    0x08005580    0x93  <for P2-1>
                            - 0x08005613  0x5527

"P2", part 1 of 3:                         0x18f
  P2-1                        0x20000000   0x18f  <Init block>
    .data            inited   0x20000000     0x4  main.o [1]
    .data            inited   0x20000004     0x4  port.o [1]
    .data            inited   0x20000008     0x4  system_stm32f1xx.o [1]
    .data            inited   0x2000000c    0x38  xlocale_c.o [3]
    .data            inited   0x20000044    0x48  xlocale_c.o [3]
    .data            inited   0x2000008c    0x48  xfiles.o [3]
    .data            inited   0x200000d4    0x48  xfiles.o [3]
    .data            inited   0x2000011c    0x48  xfiles.o [3]
    .data            inited   0x20000164    0x20  xfiles.o [3]
    .data            inited   0x20000184     0x8  XShttio.o [3]
    .data            inited   0x2000018c     0x2  main.o [1]
    .data            inited   0x2000018e     0x1  stm32f1xx_hal.o [1]
                            - 0x2000018f   0x18f

"P2", part 2 of 3:                         0xf84
  .bss               zero     0x20000190   0xc00  heap_4.o [1]
  .bss               zero     0x20000d90    0x8c  tasks.o [1]
  .bss               zero     0x20000e1c    0x80  XShHandles.o [3]
  .bss               zero     0x20000e9c    0x50  xfiles.o [3]
  .bss               zero     0x20000eec    0x50  xfiles.o [3]
  .bss               zero     0x20000f3c    0x40  main.o [1]
  .bss               zero     0x20000f7c    0x40  main.o [1]
  .bss               zero     0x20000fbc    0x40  stm32f1xx_hal_timebase_TIM.o [1]
  .bss               zero     0x20000ffc    0x24  main.o [1]
  .bss               zero     0x20001020    0x14  tasks.o [1]
  .bss               zero     0x20001034    0x14  tasks.o [1]
  .bss               zero     0x20001048    0x14  tasks.o [1]
  .bss               zero     0x2000105c    0x14  tasks.o [1]
  .bss               zero     0x20001070    0x14  tasks.o [1]
  .bss               zero     0x20001084     0x8  heap_4.o [1]
  .bss               zero     0x2000108c     0x8  heap0.o [3]
  .bss               zero     0x20001094     0x4  heap_4.o [1]
  .bss               zero     0x20001098     0x4  heap_4.o [1]
  .bss               zero     0x2000109c     0x4  heap_4.o [1]
  .bss               zero     0x200010a0     0x4  heap_4.o [1]
  .bss               zero     0x200010a4     0x4  main.o [1]
  .bss               zero     0x200010a8     0x4  main.o [1]
  .bss               zero     0x200010ac     0x4  main.o [1]
  .bss               zero     0x200010b0     0x4  main.o [1]
  .bss               zero     0x200010b4     0x4  main.o [1]
  .bss               zero     0x200010b8     0x4  main.o [1]
  .bss               zero     0x200010bc     0x4  main.o [1]
  .bss               zero     0x200010c0     0x4  main.o [1]
  .bss               zero     0x200010c4     0x4  port.o [1]
  .bss               zero     0x200010c8     0x4  stm32f1xx_hal.o [1]
  .bss               zero     0x200010cc     0x4  tasks.o [1]
  .bss               zero     0x200010d0     0x4  tasks.o [1]
  .bss               zero     0x200010d4     0x4  tasks.o [1]
  .bss               zero     0x200010d8     0x4  tasks.o [1]
  .bss               zero     0x200010dc     0x4  tasks.o [1]
  .bss               zero     0x200010e0     0x4  tasks.o [1]
  .bss               zero     0x200010e4     0x4  tasks.o [1]
  .bss               zero     0x200010e8     0x4  tasks.o [1]
  .bss               zero     0x200010ec     0x4  tasks.o [1]
  .bss               zero     0x200010f0     0x4  tasks.o [1]
  .bss               zero     0x200010f4     0x4  tasks.o [1]
  .bss               zero     0x200010f8     0x4  tasks.o [1]
  .bss               zero     0x200010fc     0x4  tasks.o [1]
  .bss               zero     0x20001100     0x4  tasks.o [1]
  .bss               zero     0x20001104     0x4  tasks.o [1]
  .bss               zero     0x20001108     0x4  xfail_s.o [3]
  .bss               zero     0x2000110c     0x4  xgetmemchunk.o [3]
  .bss               zero     0x20001110     0x1  port.o [1]
  .bss               zero     0x20001111     0x1  XShttio.o [3]
                            - 0x20001112   0xf82

"P2", part 3 of 3:                         0x600
  CSTACK                      0x20001118   0x400  <Block>
    CSTACK           uninit   0x20001118   0x400  <Block tail>
  HEAP                        0x20001518   0x200  <Block>
    HEAP             uninit   0x20001518   0x200  <Block tail>
                            - 0x20001718   0x600


*******************************************************************************
*** INIT TABLE
***

          Address     Size
          -------     ----
Zero (__iar_zero_init3)
    1 destination range, total size 0xf82:
          0x20000190  0xf82

Copy/lz77 (__iar_lz77_init_single3)
    1 source range, total size 0x93 (36% of destination):
          0x08005580   0x93
    1 destination range, total size 0x18f:
          0x20000000  0x18f



*******************************************************************************
*** MODULE SUMMARY
***

    Module                        ro code  ro data  rw data
    ------                        -------  -------  -------
C:\Users\Fish\Documents\IAR Embedded Workbench\stm32PID\EWARM\stm32PID\Obj: [1]
    cmsis_os.o                        122
    heap_4.o                          632        4    3 096
    list.o                            154
    main.o                          1 448      162      202
    port.o                            420        1        9
    portasm.o                         136
    startup_stm32f103xb.o             416
    stm32f1xx_hal.o                   116        1        5
    stm32f1xx_hal_cortex.o            364
    stm32f1xx_hal_gpio.o              624
    stm32f1xx_hal_msp.o               312
    stm32f1xx_hal_rcc.o             1 854       18
    stm32f1xx_hal_tim.o             1 714
    stm32f1xx_hal_tim_ex.o             96
    stm32f1xx_hal_timebase_TIM.o      148                64
    stm32f1xx_it.o                    124
    system_stm32f1xx.o                104       26        4
    tasks.o                         1 960        8      300
    -------------------------------------------------------
    Total:                         10 744      220    3 680

command line: [2]
    -------------------------------------------------------
    Total:

dl7M_tlf.a: [3]
    XShHandles.o                      204               128
    XShttio.o                          60        3        9
    abort.o                             6
    exit.o                              4
    fclose.o                          126
    fflush.o                          172
    fputc.o                            84
    fseek.o                            36
    heap0.o                           320                 8
    heaptramp0.o                        4
    low_level_init.o                    4
    printf.o                           40
    putchar.o                          12
    xcloseall.o                        60
    xencoding_8859_1.o                 30
    xfail_s.o                          64                 4
    xfgpos.o                           12
    xfiles.o                                    91      408
    xfofind.o                         124
    xfspos.o                          216
    xfwprep.o                         180
    xgetmemchunk.o                     44                 4
    xlocale_c.o                       116       53      128
    xmbcurmax.o                        10
    xprintffull.o                   3 990
    xprout.o                           22
    -------------------------------------------------------
    Total:                          5 940      147      689

iar_cortexM3l_math.a: [4]
    arm_pid_init_f32.o                 70
    -------------------------------------------------------
    Total:                             70

m7M_tl.a: [5]
    DblAdd.o                          360
    DblCmpGe.o                         46
    DblCmpLe.o                         46
    DblDiv.o                          582
    DblMul.o                          418
    DblSub.o                          226
    DblToFlt.o                        104
    DblToS32.o                         58
    DblToU32.o                         40
    FltAdd.o                          226
    FltCmpGe.o                         36
    FltCmpLe.o                         36
    FltMul.o                          216
    FltSub.o                          128
    FltToDbl.o                         72
    FltToS32.o                         42
    S32ToDbl.o                         34
    S32ToFlt.o                         36
    U32ToDbl.o                         26
    U32ToFlt.o                         28
    frexp.o                           112
    ldexp.o                           314
    -------------------------------------------------------
    Total:                          3 186

rt7M_tl.a: [6]
    ABImemcpy.o                       166
    ABImemset.o                       102
    I64DivMod.o                       558
    I64DivZer.o                         2
    cexit.o                            14
    cmain.o                            30
    cstart_closeall.o
    cstartup_M.o                       12
    data_init.o                        40
    lz77_init_single.o                122
    memchr.o                           88
    strchr.o                           22
    strlen.o                           54
    zero_init3.o                       64
    -------------------------------------------------------
    Total:                          1 274

shb_l.a: [7]
    close.o                            24
    dwrite.o                           30
    exit.o                             20
    iarttio.o                         124
    iarwrite.o                         34
    iarwstd.o                          32
    lseek.o                            74
    remove.o                           20
    write.o                            16
    -------------------------------------------------------
    Total:                            374

    Gaps                               46        2
    Linker created                              32    1 536
-----------------------------------------------------------
    Grand Total:                   21 634      401    5 905


*******************************************************************************
*** ENTRY LIST
***

Entry                      Address   Size  Type      Object
-----                      -------   ----  ----      ------
.iar.init_table$$Base   0x080053b0          --   Gb  - Linker created -
.iar.init_table$$Limit  0x080053d0          --   Gb  - Linker created -
?main                   0x080053d1         Code  Gb  cmain.o [6]
AHBPrescTable           0x08005470   0x10  Data  Gb  system_stm32f1xx.o [1]
APBPrescTable           0x080054c0    0x8  Data  Gb  system_stm32f1xx.o [1]
Aldata                  0x2000108c    0x8  Data  Lc  heap0.o [3]
BusFault_Handler        0x0800519d    0x2  Code  Gb  stm32f1xx_it.o [1]
CSTACK$$Base            0x20001118          --   Gb  - Linker created -
CSTACK$$Limit           0x20001518          --   Gb  - Linker created -
CacheMore               0x08001101   0x24  Code  Lc  xlocale_c.o [3]
DebugMon_Handler        0x080051a1    0x2  Code  Gb  stm32f1xx_it.o [1]
HAL_Delay               0x080047ed   0x28  Code  Wk  stm32f1xx_hal.o [1]
HAL_GPIO_Init           0x080042e5  0x22e  Code  Gb  stm32f1xx_hal_gpio.o [1]
HAL_GetTick             0x0800333d    0xc  Code  Wk  stm32f1xx_hal.o [1]
HAL_IncTick             0x08004a89   0x18  Code  Wk  stm32f1xx_hal.o [1]
HAL_Init                0x080047c5   0x22  Code  Gb  stm32f1xx_hal.o [1]
HAL_InitTick            0x08003349   0x88  Code  Gb  stm32f1xx_hal_timebase_TIM.o [1]
HAL_MspInit             0x08003bf5   0x86  Code  Gb  stm32f1xx_hal_msp.o [1]
HAL_NVIC_EnableIRQ      0x080034ed    0xe  Code  Gb  stm32f1xx_hal_cortex.o [1]
HAL_NVIC_SetPriority    0x080034c3   0x2a  Code  Gb  stm32f1xx_hal_cortex.o [1]
HAL_NVIC_SetPriorityGrouping
                        0x080034b7    0xc  Code  Gb  stm32f1xx_hal_cortex.o [1]
HAL_RCC_ClockConfig     0x08003053  0x188  Code  Gb  stm32f1xx_hal_rcc.o [1]
HAL_RCC_EnableCSS       0x080031db    0x8  Code  Gb  stm32f1xx_hal_rcc.o [1]
HAL_RCC_GetClockConfig  0x08003271   0x3a  Code  Gb  stm32f1xx_hal_rcc.o [1]
HAL_RCC_GetHCLKFreq     0x08003255    0x6  Code  Gb  stm32f1xx_hal_rcc.o [1]
HAL_RCC_GetPCLK1Freq    0x0800325b   0x16  Code  Gb  stm32f1xx_hal_rcc.o [1]
HAL_RCC_GetSysClockFreq
                        0x080031e3   0x72  Code  Gb  stm32f1xx_hal_rcc.o [1]
HAL_RCC_NMI_IRQHandler  0x080032ab   0x16  Code  Gb  stm32f1xx_hal_rcc.o [1]
HAL_RCC_OscConfig       0x08002bfd  0x456  Code  Gb  stm32f1xx_hal_rcc.o [1]
HAL_SYSTICK_CLKSourceConfig
                        0x08003507   0x20  Code  Gb  stm32f1xx_hal_cortex.o [1]
HAL_SYSTICK_Config      0x080034fb    0xc  Code  Gb  stm32f1xx_hal_cortex.o [1]
HAL_TIMEx_BreakCallback
                        0x080042dd    0x2  Code  Wk  stm32f1xx_hal_tim_ex.o [1]
HAL_TIMEx_CommutationCallback
                        0x080042e1    0x2  Code  Wk  stm32f1xx_hal_tim_ex.o [1]
HAL_TIMEx_MasterConfigSynchronization
                        0x08004891   0x5a  Code  Gb  stm32f1xx_hal_tim_ex.o [1]
HAL_TIM_Base_Init       0x08003549   0x38  Code  Gb  stm32f1xx_hal_tim.o [1]
HAL_TIM_Base_Start_IT   0x08003581   0x1e  Code  Gb  stm32f1xx_hal_tim.o [1]
HAL_TIM_Encoder_Init    0x08003611   0xbe  Code  Gb  stm32f1xx_hal_tim.o [1]
HAL_TIM_Encoder_MspInit
                        0x08003c7b   0x50  Code  Gb  stm32f1xx_hal_msp.o [1]
HAL_TIM_Encoder_Start_IT
                        0x080036d1   0x7e  Code  Gb  stm32f1xx_hal_tim.o [1]
HAL_TIM_IRQHandler      0x0800374f  0x176  Code  Gb  stm32f1xx_hal_tim.o [1]
HAL_TIM_MspPostInit     0x08003cf1   0x22  Code  Gb  stm32f1xx_hal_msp.o [1]
HAL_TIM_PWM_ConfigChannel
                        0x080038c5  0x100  Code  Gb  stm32f1xx_hal_tim.o [1]
HAL_TIM_PWM_Init        0x0800359f   0x38  Code  Gb  stm32f1xx_hal_tim.o [1]
HAL_TIM_PWM_MspInit     0x08003ccb   0x26  Code  Gb  stm32f1xx_hal_msp.o [1]
HAL_TIM_PWM_Start       0x080035d7   0x36  Code  Gb  stm32f1xx_hal_tim.o [1]
HAL_TIM_PeriodElapsedCallback
                        0x080042c9   0x12  Code  Gb  main.o [1]
HEAP$$Base              0x20001518          --   Gb  - Linker created -
HEAP$$Limit             0x20001718          --   Gb  - Linker created -
HardFault_Handler       0x08005199    0x2  Code  Gb  stm32f1xx_it.o [1]
LoadInt                 0x080002db   0x7a  Code  Lc  xprintffull.o [3]
MX_GPIO_Init            0x08004051   0x9e  Code  Lc  main.o [1]
MX_TIM1_Init            0x08003f0d   0x9c  Code  Lc  main.o [1]
MX_TIM3_Init            0x08003fa9   0xa8  Code  Lc  main.o [1]
MemManage_Handler       0x0800519b    0x2  Code  Gb  stm32f1xx_it.o [1]
NMI_Handler             0x08005191    0x8  Code  Gb  stm32f1xx_it.o [1]
NVIC_EnableIRQ          0x08003403   0x16  Code  Lc  stm32f1xx_hal_cortex.o [1]
NVIC_EncodePriority     0x08003445   0x42  Code  Lc  stm32f1xx_hal_cortex.o [1]
NVIC_GetPriorityGrouping
                        0x080033f9    0xa  Code  Lc  stm32f1xx_hal_cortex.o [1]
NVIC_SetPriority        0x08003419   0x2c  Code  Lc  stm32f1xx_hal_cortex.o [1]
NVIC_SetPriorityGrouping
                        0x080033dd   0x1c  Code  Lc  stm32f1xx_hal_cortex.o [1]
PendSV_Handler          0x08002b75         Code  Gb  portasm.o [1]
RCC_Delay               0x080032c1   0x26  Code  Lc  stm32f1xx_hal_rcc.o [1]
Region$$Table$$Base     0x080053b0          --   Gb  - Linker created -
Region$$Table$$Limit    0x080053d0          --   Gb  - Linker created -
SVC_Handler             0x08002bbb         Code  Gb  portasm.o [1]
StartPIDTask            0x080040ef   0xfc  Code  Gb  main.o [1]
StartReportTask         0x080041eb   0x6c  Code  Gb  main.o [1]
SysTick_Config          0x08003487   0x30  Code  Lc  stm32f1xx_hal_cortex.o [1]
SysTick_Handler         0x080051a3    0x8  Code  Gb  stm32f1xx_it.o [1]
SystemClock_Config      0x08003e7d   0x90  Code  Gb  main.o [1]
SystemCoreClock         0x20000008    0x4  Data  Gb  system_stm32f1xx.o [1]
SystemInit              0x0800520d   0x4e  Code  Gb  system_stm32f1xx.o [1]
TIM1_UP_IRQHandler      0x080051ab   0x48  Code  Gb  stm32f1xx_it.o [1]
TIM2_IRQHandler         0x080051f3    0xa  Code  Gb  stm32f1xx_it.o [1]
TIM_Base_SetConfig      0x080039d1   0x6a  Code  Gb  stm32f1xx_hal_tim.o [1]
TIM_CCxChannelCmd       0x08003bd5   0x1c  Code  Gb  stm32f1xx_hal_tim.o [1]
TIM_OC1_SetConfig       0x08003a3b   0x62  Code  Lc  stm32f1xx_hal_tim.o [1]
TIM_OC2_SetConfig       0x08003a9d   0x70  Code  Gb  stm32f1xx_hal_tim.o [1]
TIM_OC3_SetConfig       0x08003b0d   0x6a  Code  Lc  stm32f1xx_hal_tim.o [1]
TIM_OC4_SetConfig       0x08003b77   0x52  Code  Lc  stm32f1xx_hal_tim.o [1]
UsageFault_Handler      0x0800519f    0x2  Code  Gb  stm32f1xx_it.o [1]
_Close_all              0x0800534d   0x3c  Code  Gb  xcloseall.o [3]
_Encoding_8859_1_Mbrlen
                        0x08001199    0x2  Code  Gb  xencoding_8859_1.o [3]
_Encoding_8859_1_Wctomb
                        0x08001187   0x12  Code  Gb  xencoding_8859_1.o [3]
_Error_Handler          0x080042db    0x2  Code  Gb  main.o [1]
_Files                  0x20000164   0x20  Data  Gb  xfiles.o [3]
_Fofree                 0x080050e5   0x78  Code  Gb  xfofind.o [3]
_Fspos                  0x08004c75   0xd8  Code  Gb  xfspos.o [3]
_Fwprep                 0x08004f8d   0xb4  Code  Gb  xfwprep.o [3]
_GenldFull              0x08000d5d  0x274  Code  Lc  xprintffull.o [3]
_LdtobFull              0x08000931  0x3fe  Code  Lc  xprintffull.o [3]
_LitobFull              0x080007d9  0x112  Code  Lc  xprintffull.o [3]
_Locale_lconv           0x2000000c   0x38  Data  Lc  xlocale_c.o [3]
_Nnl                    0x08004df9    0xc  Code  Gb  xfgpos.o [3]
_PrintfFull             0x080000ed  0x1d6  Code  Gb  xprintffull.o [3]
_Prout                  0x08005407   0x16  Code  Gb  xprout.o [3]
_PutcharsFull           0x08000fd1   0x2e  Code  Lc  xprintffull.o [3]
_PutfldFull             0x08000355  0x2d0  Code  Lc  xprintffull.o [3]
_PutstrFull             0x0800071b   0xbe  Code  Lc  xprintffull.o [3]
_PuttxtFull             0x08000625   0xf6  Code  Lc  xprintffull.o [3]
__aeabi_cdcmple         0x0800176d         Code  Gb  DblCmpLe.o [5]
__aeabi_cdrcmple        0x0800179d         Code  Gb  DblCmpGe.o [5]
__aeabi_cfcmple         0x080049d1         Code  Gb  FltCmpLe.o [5]
__aeabi_cfrcmple        0x08004991         Code  Gb  FltCmpGe.o [5]
__aeabi_d2f             0x08004a21         Code  Gb  DblToFlt.o [5]
__aeabi_d2iz            0x08001909         Code  Gb  DblToS32.o [5]
__aeabi_d2uiz           0x08001c95         Code  Gb  DblToU32.o [5]
__aeabi_ddiv            0x08001a4d         Code  Gb  DblDiv.o [5]
__aeabi_dmul            0x08001559         Code  Gb  DblMul.o [5]
__aeabi_dsub            0x08001969         Code  Gb  DblSub.o [5]
__aeabi_f2d             0x08004755         Code  Gb  FltToDbl.o [5]
__aeabi_f2iz            0x080049f5         Code  Gb  FltToS32.o [5]
__aeabi_fadd            0x0800462d         Code  Gb  FltAdd.o [5]
__aeabi_fmul            0x08004555         Code  Gb  FltMul.o [5]
__aeabi_fsub            0x08004911         Code  Gb  FltSub.o [5]
__aeabi_i2d             0x08001945         Code  Gb  S32ToDbl.o [5]
__aeabi_i2f             0x080048ed         Code  Gb  S32ToFlt.o [5]
__aeabi_ldiv0           0x08001cdd         Code  Gb  I64DivZer.o [6]
__aeabi_memcpy          0x08001281         Code  Gb  ABImemcpy.o [6]
__aeabi_memcpy4         0x080012a1         Code  Gb  ABImemcpy.o [6]
__aeabi_memcpy8         0x080012a1         Code  Gb  ABImemcpy.o [6]
__aeabi_memset          0x08004aa1         Code  Gb  ABImemset.o [6]
__aeabi_ui2d            0x08001cbd         Code  Gb  U32ToDbl.o [5]
__aeabi_ui2f            0x080049b5         Code  Gb  U32ToFlt.o [5]
__aeabi_uldivmod        0x08001329         Code  Gb  I64DivMod.o [6]
__basic_free            0x08004bb5   0x16  Code  Gb  heap0.o [3]
__basic_free_intern     0x08004bcb   0x7a  Code  Lc  heap0.o [3]
__basic_malloc          0x08004b09   0x18  Code  Gb  heap0.o [3]
__basic_malloc_intern   0x08004b21   0x94  Code  Lc  heap0.o [3]
__cexit_closeall        0x080053fb         Code  Gb  cexit.o [6]
__close                 0x08005165   0x18  Code  Gb  close.o [7]
__cmain                 0x080053d1         Code  Gb  cmain.o [6]
__cstart_closeall       0x08005580         Data  Gb  cstart_closeall.o [6]
__data_GetMemChunk      0x08004c49   0x2c  Code  Gb  xgetmemchunk.o [3]
__data_GetMemChunk::start
                        0x2000110c    0x4  Data  Lc  xgetmemchunk.o [3]
__dwrite                0x08004f2d   0x1e  Code  Gb  dwrite.o [7]
__exit                  0x08001e49   0x14  Code  Gb  exit.o [7]
__iar_Fail_s            0x080011a5   0x1c  Code  Gb  xfail_s.o [3]
__iar_Mbcurmax          0x08001275    0xa  Code  Gb  xmbcurmax.o [3]
__iar_Memchr            0x0800121d         Code  Gb  memchr.o [6]
__iar_Memset            0x08004aa1         Code  Gb  ABImemset.o [6]
__iar_Memset_word       0x08004aa9         Code  Gb  ABImemset.o [6]
__iar_Stderr            0x2000011c   0x48  Data  Gb  xfiles.o [3]
__iar_Stdin             0x2000008c   0x48  Data  Gb  xfiles.o [3]
__iar_Stdout            0x200000d4   0x48  Data  Gb  xfiles.o [3]
__iar_Strchr            0x08001171         Code  Gb  strchr.o [6]
__iar_close_ttio        0x08001e5d   0x2c  Code  Gb  iarttio.o [7]
__iar_dadd              0x08001979         Code  Gb  DblSub.o [5]
__iar_data_init3        0x08005389   0x28  Code  Gb  data_init.o [6]
__iar_dsub              0x08001ce1         Code  Gb  DblAdd.o [5]
__iar_dsubStart         0x08001cf3         Code  Gb  DblAdd.o [5]
__iar_fadd              0x0800491d         Code  Gb  FltSub.o [5]
__iar_frexp             0x08001709         Code  Gb  frexp.o [5]
__iar_frexp64           0x080016fd         Code  Gb  frexp.o [5]
__iar_frexpl            0x08001709         Code  Gb  frexp.o [5]
__iar_fsub              0x08004639         Code  Gb  FltAdd.o [5]
__iar_fsubStart         0x08004649         Code  Gb  FltAdd.o [5]
__iar_get_ttio          0x08001e89   0x4c  Code  Gb  iarttio.o [7]
__iar_globLocale        0x20000044   0x48  Data  Lc  xlocale_c.o [3]
__iar_global_Locale     0x080010fd    0x4  Code  Gb  xlocale_c.o [3]
__iar_ldexp64           0x080017cd         Code  Gb  ldexp.o [5]
__iar_lookup_ttioh      0x08001f07    0x4  Code  Gb  XShttio.o [3]
__iar_lz77_init_single3
                        0x08001083   0x7a  Code  Gb  lz77_init_single.o [6]
__iar_program_start     0x080054b5         Code  Gb  cstartup_M.o [6]
__iar_scalbln64         0x080017cd         Code  Gb  ldexp.o [5]
__iar_scalbn64          0x080017cd         Code  Gb  ldexp.o [5]
__iar_sh_Discard        0x08004e61   0x42  Code  Gb  XShHandles.o [3]
__iar_sh_Move           0x08004ea3   0x46  Code  Gb  XShHandles.o [3]
__iar_sh_Pos            0x08004ee9   0x3e  Code  Gb  XShHandles.o [3]
__iar_sh_stdout         0x08004f4b   0x20  Code  Gb  iarwstd.o [7]
__iar_sh_write          0x08004f6b   0x22  Code  Gb  iarwrite.o [7]
__iar_systems$$module {Abs}
                        0x00000001         Data  Gb  command line/config [2]
__iar_ttio_guard_lock   0x08001ed9   0x1e  Code  Gb  XShttio.o [3]
__iar_ttio_guard_unlock
                        0x08001ef7   0x10  Code  Gb  XShttio.o [3]
__iar_ttio_handles      0x20000184    0x8  Data  Lc  XShttio.o [3]
__iar_zero_init3        0x0800530d   0x40  Code  Gb  zero_init3.o [6]
__low_level_init        0x080053ef    0x4  Code  Gb  low_level_init.o [3]
__lseek                 0x08004e05   0x4a  Code  Gb  lseek.o [7]
__vector_table          0x08000000         Data  Gb  startup_stm32f103xb.o [1]
__write                 0x08004e4f   0x10  Code  Gb  write.o [7]
_call_main              0x080053dd         Code  Gb  cmain.o [6]
_exit                   0x080053f9         Code  Gb  cexit.o [6]
_gLocale_mblen          0x0800115d    0x4  Code  Gb  xlocale_c.o [3]
_gLocale_mblenInt       0x08001125   0x34  Code  Gb  xlocale_c.o [3]
_gLocale_wctomb         0x08001161    0x4  Code  Gb  xlocale_c.o [3]
_gLocale_wctombInt      0x08001159    0x4  Code  Gb  xlocale_c.o [3]
_main                   0x080053eb         Code  Gb  cmain.o [6]
abort                   0x08001cd7    0x6  Code  Gb  abort.o [3]
arm_pid_f32             0x08003d35   0x3e  Code  Lc  main.o [1]
arm_pid_init_f32        0x0800470f   0x46  Code  Gb  arm_pid_init_f32.o [4]
computePIDTaskHandle    0x200010a4    0x4  Data  Gb  main.o [1]
ebuf                    0x20000e9c   0x50  Data  Lc  xfiles.o [3]
encoder                 0x200010ac    0x4  Data  Gb  main.o [1]
exit                    0x080053f3    0x4  Code  Gb  exit.o [3]
fclose                  0x08005065   0x7e  Code  Gb  fclose.o [3]
fflush                  0x08004dc1   0x34  Code  Gb  fflush.o [3]
fflushOne               0x08004d4d   0x74  Code  Lc  fflush.o [3]
fputc                   0x08005275   0x54  Code  Gb  fputc.o [3]
free                    0x08005161    0x4  Code  Gb  heaptramp0.o [3]
frexp                   0x080016fd         Code  Gb  frexp.o [5]
frexpl                  0x080016fd         Code  Gb  frexp.o [5]
fseek                   0x08005041   0x24  Code  Gb  fseek.o [3]
htim1                   0x20000f3c   0x40  Data  Gb  main.o [1]
htim2                   0x20000fbc   0x40  Data  Gb  stm32f1xx_hal_timebase_TIM.o [1]
htim3                   0x20000f7c   0x40  Data  Gb  main.o [1]
j                       0x200010b8    0x4  Data  Gb  main.o [1]
ldexp                   0x080017cd         Code  Gb  ldexp.o [5]
ldexpl                  0x080017cd         Code  Gb  ldexp.o [5]
localeconv              0x08001165    0x4  Code  Gb  xlocale_c.o [3]
main                    0x08003d73  0x10a  Code  Gb  main.o [1]
makeFreeRtosPriority    0x08004815   0x16  Code  Lc  cmsis_os.o [1]
maxPWM                  0x2000018c    0x2  Data  Gb  main.o [1]
memchr                  0x0800121d         Code  Gb  memchr.o [6]
myPID                   0x20000ffc   0x24  Data  Gb  main.o [1]
obuf                    0x20000eec   0x50  Data  Lc  xfiles.o [3]
osDelay                 0x08004863   0x1c  Code  Gb  cmsis_os.o [1]
osKernelStart           0x0800482b    0xa  Code  Gb  cmsis_os.o [1]
osSystickHandler        0x0800487f   0x10  Code  Gb  cmsis_os.o [1]
osThreadCreate          0x08004835   0x2e  Code  Gb  cmsis_os.o [1]
printf                  0x0800479d   0x28  Code  Gb  printf.o [3]
prvAddCurrentTaskToDelayedList
                        0x080025fd   0x7e  Code  Lc  tasks.o [1]
prvAddNewTaskToReadyList
                        0x0800204f   0xba  Code  Lc  tasks.o [1]
prvCheckTasksWaitingTermination
                        0x08002509   0x64  Code  Lc  tasks.o [1]
prvDeleteTCB            0x0800256d   0x12  Code  Lc  tasks.o [1]
prvHeapInit             0x08002851   0x66  Code  Lc  heap_4.o [1]
prvIdleTask             0x08002485   0x26  Code  Lc  tasks.o [1]
prvInitialiseNewTask    0x08001f89   0xc6  Code  Lc  tasks.o [1]
prvInitialiseTaskLists  0x080024ad   0x58  Code  Lc  tasks.o [1]
prvInsertBlockIntoFreeList
                        0x080028b7   0x60  Code  Lc  heap_4.o [1]
prvResetNextTaskUnblockTime
                        0x0800257f   0x2e  Code  Lc  tasks.o [1]
prvTaskExitError        0x080029f1   0x2a  Code  Lc  port.o [1]
putchar                 0x0800541d    0xc  Code  Gb  putchar.o [3]
pvPortMalloc            0x080026bd  0x11a  Code  Gb  heap_4.o [1]
pxCurrentTCB            0x200010cc    0x4  Data  Gb  tasks.o [1]
pxDelayedTaskList       0x200010d0    0x4  Data  Lc  tasks.o [1]
pxEnd                   0x20001094    0x4  Data  Lc  heap_4.o [1]
pxOverflowDelayedTaskList
                        0x200010d4    0x4  Data  Lc  tasks.o [1]
pxPortInitialiseStack   0x080029d1   0x20  Code  Gb  port.o [1]
pxReadyTasksLists       0x20000d90   0x8c  Data  Lc  tasks.o [1]
read                    0x200010c0    0x4  Data  Gb  main.o [1]
remove                  0x0800517d   0x14  Code  Gb  remove.o [7]
reportTaskHandle        0x200010a8    0x4  Data  Gb  main.o [1]
sFileInfo               0x20000e1c   0x80  Data  Lc  XShHandles.o [3]
sample                  0x200010b0    0x4  Data  Gb  main.o [1]
sampleOld               0x200010b4    0x4  Data  Gb  main.o [1]
scalbln                 0x080017cd         Code  Gb  ldexp.o [5]
scalblnl                0x080017cd         Code  Gb  ldexp.o [5]
scalbn                  0x080017cd         Code  Gb  ldexp.o [5]
scalbnl                 0x080017cd         Code  Gb  ldexp.o [5]
scale                   0x080008eb   0x46  Code  Lc  xprintffull.o [3]
sec_hand                0x20001108    0x4  Data  Lc  xfail_s.o [3]
setPoint                0x200010bc    0x4  Data  Gb  main.o [1]
strchr                  0x08001171         Code  Gb  strchr.o [6]
strlen                  0x080011e5         Code  Gb  strlen.o [6]
tolerance               0x20000000    0x4  Data  Gb  main.o [1]
ttio_guard              0x20001111    0x1  Data  Lc  XShttio.o [3]
ucHeap                  0x20000190  0xc00  Data  Lc  heap_4.o [1]
ucMaxSysCallPriority    0x20001110    0x1  Data  Lc  port.o [1]
ulMaxPRIGROUPValue      0x200010c4    0x4  Data  Lc  port.o [1]
uwTick                  0x200010c8    0x4  Data  Gb  stm32f1xx_hal.o [1]
uwTickFreq              0x2000018e    0x1  Data  Gb  stm32f1xx_hal.o [1]
uxCriticalNesting       0x20000004    0x4  Data  Lc  port.o [1]
uxCurrentNumberOfTasks  0x200010dc    0x4  Data  Lc  tasks.o [1]
uxDeletedTasksWaitingCleanUp
                        0x200010d8    0x4  Data  Lc  tasks.o [1]
uxListRemove            0x080029a7   0x28  Code  Gb  list.o [1]
uxPendedTicks           0x200010ec    0x4  Data  Lc  tasks.o [1]
uxSchedulerSuspended    0x20001104    0x4  Data  Lc  tasks.o [1]
uxTaskNumber            0x200010f8    0x4  Data  Lc  tasks.o [1]
uxTopReadyPriority      0x200010e4    0x4  Data  Lc  tasks.o [1]
vListInitialise         0x08002935   0x1e  Code  Gb  list.o [1]
vListInitialiseItem     0x08002953    0x6  Code  Gb  list.o [1]
vListInsert             0x08002971   0x36  Code  Gb  list.o [1]
vListInsertEnd          0x08002959   0x18  Code  Gb  list.o [1]
vPortEnterCritical      0x08002aa1   0x3a  Code  Gb  port.o [1]
vPortExitCritical       0x08002adb   0x32  Code  Gb  port.o [1]
vPortFree               0x080027d7   0x7a  Code  Gb  heap_4.o [1]
vPortStartFirstTask     0x08002bdb         Code  Gb  portasm.o [1]
vTaskDelay              0x08002109   0x4e  Code  Gb  tasks.o [1]
vTaskStartScheduler     0x08002157   0x68  Code  Gb  tasks.o [1]
vTaskSuspendAll         0x080021bf   0x10  Code  Gb  tasks.o [1]
vTaskSwitchContext      0x080023fb   0x70  Code  Gb  tasks.o [1]
xBlockAllocatedBit      0x200010a0    0x4  Data  Lc  heap_4.o [1]
xDelayedTaskList1       0x20001020   0x14  Data  Lc  tasks.o [1]
xDelayedTaskList2       0x20001034   0x14  Data  Lc  tasks.o [1]
xFreeBytesRemaining     0x20001098    0x4  Data  Lc  heap_4.o [1]
xHeapStructSize         0x080054d8    0x4  Data  Lc  heap_4.o [1]
xIdleTaskHandle         0x20001100    0x4  Data  Lc  tasks.o [1]
xMinimumEverFreeBytesRemaining
                        0x2000109c    0x4  Data  Lc  heap_4.o [1]
xNextTaskUnblockTime    0x200010fc    0x4  Data  Lc  tasks.o [1]
xNumOfOverflows         0x200010f4    0x4  Data  Lc  tasks.o [1]
xPendingReadyList       0x20001048   0x14  Data  Lc  tasks.o [1]
xPortStartScheduler     0x08002a1b   0x86  Code  Gb  port.o [1]
xPortSysTickHandler     0x08002b0d   0x28  Code  Gb  port.o [1]
xSchedulerRunning       0x200010e8    0x4  Data  Lc  tasks.o [1]
xStart                  0x20001084    0x8  Data  Lc  heap_4.o [1]
xSuspendedTaskList      0x20001070   0x14  Data  Lc  tasks.o [1]
xTaskCreate             0x08001f15   0x74  Code  Gb  tasks.o [1]
xTaskGetSchedulerState  0x080025ad   0x20  Code  Gb  tasks.o [1]
xTaskIncrementTick      0x080022cf  0x12c  Code  Gb  tasks.o [1]
xTaskResumeAll          0x080021cf  0x100  Code  Gb  tasks.o [1]
xTasksWaitingTermination
                        0x2000105c   0x14  Data  Lc  tasks.o [1]
xTickCount              0x200010e0    0x4  Data  Lc  tasks.o [1]
xYieldPending           0x200010f0    0x4  Data  Lc  tasks.o [1]


[1] = C:\Users\Fish\Documents\IAR Embedded Workbench\stm32PID\EWARM\stm32PID\Obj
[2] = command line
[3] = dl7M_tlf.a
[4] = iar_cortexM3l_math.a
[5] = m7M_tl.a
[6] = rt7M_tl.a
[7] = shb_l.a

  21 634 bytes of readonly  code memory
     401 bytes of readonly  data memory
   5 905 bytes of readwrite data memory

Errors: none
Warnings: none
